======= TAIL 80 =======

ACCUMULATED STATS
total      done
init       done
stepr      done
total       max  8.557e+02 s  avg  8.557e+02 s  min  8.557e+02 s  maxrank 4  minrank 5 maxname i109 minname i109 
init        max  1.142e-01 s  avg  1.142e-01 s  min  1.142e-01 s  maxrank 4  minrank 5 maxname i109 minname i109 
stepr       max  8.556e+02 s  avg  8.556e+02 s  min  8.556e+02 s  maxrank 0  minrank 5 maxname i109 minname i109 
step       done
xtra       done
sort       done
sub        done
cm         done
map1       done
map2       done
lcRun      done
lbOut      done
cic        done
fftf       done
step        max  8.555e+02 s  avg  8.555e+02 s  min  8.555e+02 s  maxrank 7  minrank 0 maxname i109 minname i109 
xtra        max  1.184e+01 s  avg  1.184e+01 s  min  1.183e+01 s  maxrank 7  minrank 0 maxname i109 minname i109 
sort        max  4.610e-07 s  avg  3.294e-07 s  min  2.600e-07 s  maxrank 1  minrank 7 maxname i109 minname i109 
sub         max  8.288e+02 s  avg  8.288e+02 s  min  8.288e+02 s  maxrank 3  minrank 7 maxname i109 minname i109 
cm          max  0.000e+00 s  avg  0.000e+00 s  min  0.000e+00 s  maxrank 0  minrank 0 maxname i109 minname i109 
map1        max  1.160e+00 s  avg  1.082e+00 s  min  9.471e-01 s  maxrank 6  minrank 3 maxname i109 minname i109 
map2        max  0.000e+00 s  avg  0.000e+00 s  min  0.000e+00 s  maxrank 0  minrank 0 maxname i109 minname i109 
lcRun       max  0.000e+00 s  avg  0.000e+00 s  min  0.000e+00 s  maxrank 0  minrank 0 maxname i109 minname i109 
lbOut       max  0.000e+00 s  avg  0.000e+00 s  min  0.000e+00 s  maxrank 0  minrank 0 maxname i109 minname i109 
cic         max  1.865e+00 s  avg  1.636e+00 s  min  1.379e+00 s  maxrank 6  minrank 3 maxname i109 minname i109 
fftf        max  1.857e+00 s  avg  1.766e+00 s  min  1.627e+00 s  maxrank 7  minrank 0 maxname i109 minname i109 
vizExtra    max  0.000e+00 s  avg  0.000e+00 s  min  0.000e+00 s  maxrank 0  minrank 0 maxname i109 minname i109 
aliveExtra  max  0.000e+00 s  avg  0.000e+00 s  min  0.000e+00 s  maxrank 0  minrank 0 maxname i109 minname i109 
lcExtra     max  0.000e+00 s  avg  0.000e+00 s  min  0.000e+00 s  maxrank 0  minrank 0 maxname i109 minname i109 
fullAliveE  max  1.310e+00 s  avg  1.310e+00 s  min  1.310e+00 s  maxrank 0  minrank 7 maxname i109 minname i109 
smallExtra  max  0.000e+00 s  avg  0.000e+00 s  min  0.000e+00 s  maxrank 0  minrank 0 maxname i109 minname i109 
restartExt  max  0.000e+00 s  avg  0.000e+00 s  min  0.000e+00 s  maxrank 0  minrank 0 maxname i109 minname i109 
refreshExt  max  6.608e+00 s  avg  6.590e+00 s  min  6.571e+00 s  maxrank 6  minrank 3 maxname i109 minname i109 
aOLrefresh  max  6.768e-02 s  avg  6.755e-02 s  min  6.739e-02 s  maxrank 5  minrank 3 maxname i109 minname i109 
vizExtra   done
aliveExtra done
lcExtra    done
fullAliveE done
smallExtra done
restartExt done
refreshExt done
aOLrefresh done
cosmoTExtr done
fftb       done
xch        done
cici       done
sc         done
cosmoTExtr  max  2.685e+00 s  avg  2.685e+00 s  min  2.685e+00 s  maxrank 1  minrank 4 maxname i109 minname i109 
fftb        max  4.272e+00 s  avg  4.049e+00 s  min  3.781e+00 s  maxrank 7  minrank 0 maxname i109 minname i109 
xch         max  3.789e-01 s  avg  3.788e-01 s  min  3.787e-01 s  maxrank 0  minrank 4 maxname i109 minname i109 
cici        max  4.440e+00 s  avg  3.826e+00 s  min  3.153e+00 s  maxrank 6  minrank 3 maxname i109 minname i109 
sc          max  8.288e+02 s  avg  8.288e+02 s  min  8.288e+02 s  maxrank 4  minrank 0 maxname i109 minname i109 
scp        done
LightCone  done
map2s      done
map2b      done
map2q      done
map2w      done
map2c      done
m2_w       done
m2_b       done
m2_t       done
scp         max  0.000e+00 s  avg  0.000e+00 s  min  0.000e+00 s  maxrank 0  minrank 0 maxname i109 minname i109 
LightCone   max  0.000e+00 s  avg  0.000e+00 s  min  0.000e+00 s  maxrank 0  minrank 0 maxname i109 minname i109 
map2s       max  2.093e+01 s  avg  1.901e+01 s  min  1.679e+01 s  maxrank 6  minrank 3 maxname i109 minname i109 
map2b       max  3.261e+01 s  avg  2.692e+01 s  min  2.198e+01 s  maxrank 6  minrank 3 maxname i109 minname i109 
map2q       max  6.822e+00 s  avg  6.165e+00 s  min  5.434e+00 s  maxrank 6  minrank 3 maxname i109 minname i109 
map2w       max  7.617e+02 s  avg  5.359e+02 s  min  3.314e+02 s  maxrank 2  minrank 3 maxname i109 minname i109 
map2c       max  9.917e-01 s  avg  8.687e-01 s  min  7.096e-01 s  maxrank 6  minrank 3 maxname i109 minname i109 
m2_w        max  8.220e+02 s  avg  5.926e+02 s  min  3.822e+02 s  maxrank 2  minrank 3 maxname i109 minname i109 
m2_b        max  1.207e-04 s  avg  1.178e-04 s  min  1.160e-04 s  maxrank 4  minrank 1 maxname i109 minname i109 
m2_t        max  4.453e+02 s  avg  2.349e+02 s  min  5.484e+00 s  maxrank 3  minrank 2 maxname i109 minname i109 
=== hacc_tpm finished; starting analysis+render ===
  File "/gpfs/fs1/home/jacob.oh/SULI/MCP_Approach/work/run0/analyze_and_render.py", line 2
    """
IndentationError: unexpected indent
======= ERROR/TRACEBACK GREP =======
113809:IndentationError: unexpected indent
