-rw-r--r-- 1 jacob.oh cels    69928 Jul  9 14:23 dm_density_slice.png
-rw-r--r-- 1 jacob.oh cels 16779126 Jul  9 14:23 particles_step624.npz
-rw-r--r-- 1 jacob.oh cels     1213 Jul  9 14:23 summary.txt
=== PNG type ===
dm_density_slice.png: PNG image data, 1040 x 1040, 8-bit/color RGBA, non-interlaced
=== summary.txt ===
HACC Last Journey SampleRun -- reproduction summary
============================================================
Snapshot step               : 624 (z=0)
Box length RL               : 64.000 h^-1 Mpc
Grid NG                     : 64
Particles per side NP       : 64 (262144 total expected)
Particles parsed            : 262144
Omega_cdm                   : 0.26067
Omega_b (=DEUT/h^2)         : 0.04897
Omega_m                     : 0.30964
Hubble h                    : 0.6766
Particle mass mp            : 8.593774e+10 h^-1 Msun
FOF linking length b        : 0.168
SOD overdensity Delta       : 200 (M_200c)
------------------------------------------------------------
Most massive halo           : most massive SOD halo: M_200c=3.281963e+14 h^-1 Msun, R_200c=1.1221 Mpc/h, center=(30.9774, 37.3307, 18.4439)
  M_200c                    : 3.281963e+14 h^-1 Msun
  center (x,y,z)            : (30.9774, 37.3307, 18.4439) h^-1 Mpc
------------------------------------------------------------
Density slice thickness     : 4.0 h^-1 Mpc
Slice center z              : 18.4439 h^-1 Mpc
Particles in slab           : 34879
Slice grid                  : 256 x 256 bins
Output image                : dm_density_slice.png
