-rw-r-----+ 1 jacob.oh cels 6821541 Jul  9 14:21 /lcrc/project/PEDAL/jacoboh/HACC/SampleRun_go/agent_hacc_run.o7648318
-rw-r-----+ 1 jacob.oh cels 6821541 Jul  9 14:21 /lcrc/project/PEDAL/jacoboh/HACC/SampleRun_go/agent_hacc_run.o7648318
-rw-r-----+ 1 jacob.oh cels 6822630 Jul  7 15:21 /lcrc/project/PEDAL/jacoboh/HACC/SampleRun_go/agent_lastjourney_8r.o7646508
-rw-r-----+ 1 jacob.oh cels 6827913 Jul  8 11:49 /lcrc/project/PEDAL/jacoboh/HACC/SampleRun_go/agent_lastjourney_8r.o7647249
-rw-r-----+ 1 jacob.oh cels 6826689 Jul  8 11:58 /lcrc/project/PEDAL/jacoboh/HACC/SampleRun_go/agent_lastjourney_8r.o7647252
-rw-r-----+ 1 jacob.oh cels 6822901 Jul  8 17:36 /lcrc/project/PEDAL/jacoboh/HACC/SampleRun_go/agent_lastjourney_8r.o7647427
-rw-r-----+ 1 jacob.oh cels 6826597 Jul  9 08:39 /lcrc/project/PEDAL/jacoboh/HACC/SampleRun_go/agent_lastjourney_8r.o7647959
-rw-r-----+ 1 jacob.oh cels 6821580 Jul  9 13:00 /lcrc/project/PEDAL/jacoboh/HACC/SampleRun_go/agent_lastjourney_8r.o7648265
-rw-r-----+ 1 jacob.oh cels 6826603 Jul  7 15:44 /lcrc/project/PEDAL/jacoboh/HACC/SampleRun_go/agent_ljourney_8r.o7646539
-rw-r-----+ 1 jacob.oh cels 6826663 Jul  7 16:20 /lcrc/project/PEDAL/jacoboh/HACC/SampleRun_go/agent_ljourney_8r.o7646565
-rw-r-----+ 1 jacob.oh cels 6821626 Jul  8 10:57 /lcrc/project/PEDAL/jacoboh/HACC/SampleRun_go/agent_ljourney_8r.o7647212
-rw-r-----+ 1 jacob.oh cels 6821873 Jul  9 11:39 /lcrc/project/PEDAL/jacoboh/HACC/SampleRun_go/agent_subme_run0.o7648172
-rw-r-----+ 1 jacob.oh cels 6822637 Jul  9 09:31 /lcrc/project/PEDAL/jacoboh/HACC/SampleRun_go/lastjourney_8r_agent.o7647998
-rw-r-----+ 1 jacob.oh cels 6821593 Jul  9 09:48 /lcrc/project/PEDAL/jacoboh/HACC/SampleRun_go/lastjourney_8r_agent.o7648028
-rw-r-----+ 1 jacob.oh cels 6821596 Jul  9 13:43 /lcrc/project/PEDAL/jacoboh/HACC/SampleRun_go/lastjourney_agent.o7648299
-rw-r-----+ 1 jacob.oh cels 6821581 Jul  7 11:11 /lcrc/project/PEDAL/jacoboh/HACC/SampleRun_go/lastjourney_agent_8r.o7646343
-rw-r-----+ 1 jacob.oh cels 6821622 Jul  8 17:14 /lcrc/project/PEDAL/jacoboh/HACC/SampleRun_go/lastjourney_agent_8r.o7647403
-rw-r-----+ 1 jacob.oh cels 6821586 Jul  9 13:29 /lcrc/project/PEDAL/jacoboh/HACC/SampleRun_go/lastjourney_agent_8r.o7648286
-rw-r-----+ 1 jacob.oh cels 6821607 Jul  9 11:18 /lcrc/project/PEDAL/jacoboh/HACC/SampleRun_go/lastjourney_agent_run0.o7648159
-rw-r-----+ 1 jacob.oh cels    1186 Jun 23 10:12 /lcrc/project/PEDAL/jacoboh/HACC/SampleRun_go/subme.openmp4.pbs
----RECENT----
total 146792
-rw-r-----+ 1 jacob.oh cels 6821541 Jul  9 14:21 agent_hacc_run.o7648318
-rw-r-----+ 1 jacob.oh cels 6821571 Jul  9 14:20 agent_hacc_run.o7648317
drwxr-x---+ 6 jacob.oh cels    4096 Jul  9 14:07 .
-rw-r-----+ 1 jacob.oh cels    1133 Jul  9 14:07 agent_subme.pbs
-rw-r-----+ 1 jacob.oh cels 6821596 Jul  9 13:43 lastjourney_agent.o7648299
-rw-r-----+ 1 jacob.oh cels 6821548 Jul  9 13:38 agent_hacc_run.o7648297
-rw-r-----+ 1 jacob.oh cels 6821586 Jul  9 13:29 lastjourney_agent_8r.o7648286
-rw-r-----+ 1 jacob.oh cels 6821546 Jul  9 13:26 agent_hacc_run.o7648285
-rw-r-----+ 1 jacob.oh cels 6821580 Jul  9 13:00 agent_lastjourney_8r.o7648265
-rw-r-----+ 1 jacob.oh cels 6821551 Jul  9 12:58 agent_hacc_run.o7648262
-rw-r-----+ 1 jacob.oh cels 6821873 Jul  9 11:39 agent_subme_run0.o7648172
drwxrwx---+ 2 jacob.oh cels    4096 Jul  9 11:25 _task_scripts
-rw-r-----+ 1 jacob.oh cels 6821607 Jul  9 11:18 lastjourney_agent_run0.o7648159
-rw-r-----+ 1 jacob.oh cels 6821593 Jul  9 09:48 lastjourney_8r_agent.o7648028
-rw-r-----+ 1 jacob.oh cels 6822637 Jul  9 09:31 lastjourney_8r_agent.o7647998
drwxrwx---+ 7 jacob.oh cels    4096 Jul  9 09:20 analysis
-rw-r-----+ 1 jacob.oh cels 6826597 Jul  9 08:39 agent_lastjourney_8r.o7647959
-rw-r-----+ 1 jacob.oh cels 6822901 Jul  8 17:36 agent_lastjourney_8r.o7647427
-rw-r-----+ 1 jacob.oh cels 6821622 Jul  8 17:14 lastjourney_agent_8r.o7647403
-rw-r-----+ 1 jacob.oh cels 6826689 Jul  8 11:58 agent_lastjourney_8r.o7647252
-rw-r-----+ 1 jacob.oh cels 6827913 Jul  8 11:49 agent_lastjourney_8r.o7647249
-rw-r-----+ 1 jacob.oh cels 6821626 Jul  8 10:57 agent_ljourney_8r.o7647212
-rw-r-----+ 1 jacob.oh cels 6826663 Jul  7 16:20 agent_ljourney_8r.o7646565
-rw-r-----+ 1 jacob.oh cels 6826603 Jul  7 15:44 agent_ljourney_8r.o7646539
-rw-r-----+ 1 jacob.oh cels 6822630 Jul  7 15:21 agent_lastjourney_8r.o7646508
-rw-r-----+ 1 jacob.oh cels 6821581 Jul  7 11:11 lastjourney_agent_8r.o7646343
drwxrwx---+ 7 jacob.oh cels    4096 Jun 23 10:30 output
-rw-r-----+ 1 jacob.oh cels    1087 Jun 23 10:26 subme.pbs
drwxr-x---+ 4 jacob.oh cels    4096 Jun 23 10:12 ..
