92300 /gpfs/fs1/home/jacob.oh/SULI/MCP_Approach/work/run0/decay_curve.png
1763136 /gpfs/fs1/home/jacob.oh/SULI/MCP_Approach/work/run0/eddy_uv_evolution.gif
526472 /gpfs/fs1/home/jacob.oh/SULI/MCP_Approach/work/run0/field_final.npz
429057 /gpfs/fs1/home/jacob.oh/SULI/MCP_Approach/work/run0/frame01.png
425773 /gpfs/fs1/home/jacob.oh/SULI/MCP_Approach/work/run0/frame02.png
422919 /gpfs/fs1/home/jacob.oh/SULI/MCP_Approach/work/run0/frame03.png
419621 /gpfs/fs1/home/jacob.oh/SULI/MCP_Approach/work/run0/frame04.png
415662 /gpfs/fs1/home/jacob.oh/SULI/MCP_Approach/work/run0/frame05.png
411505 /gpfs/fs1/home/jacob.oh/SULI/MCP_Approach/work/run0/frame06.png
406330 /gpfs/fs1/home/jacob.oh/SULI/MCP_Approach/work/run0/frame07.png
402382 /gpfs/fs1/home/jacob.oh/SULI/MCP_Approach/work/run0/frame08.png
398203 /gpfs/fs1/home/jacob.oh/SULI/MCP_Approach/work/run0/frame09.png
394391 /gpfs/fs1/home/jacob.oh/SULI/MCP_Approach/work/run0/frame10.png
391678 /gpfs/fs1/home/jacob.oh/SULI/MCP_Approach/work/run0/frame11.png
788626 /gpfs/fs1/home/jacob.oh/SULI/MCP_Approach/work/run0/psi_final.npz
394940 /gpfs/fs1/home/jacob.oh/SULI/MCP_Approach/work/run0/psi_frame01.npz
394940 /gpfs/fs1/home/jacob.oh/SULI/MCP_Approach/work/run0/psi_frame02.npz
394940 /gpfs/fs1/home/jacob.oh/SULI/MCP_Approach/work/run0/psi_frame03.npz
394940 /gpfs/fs1/home/jacob.oh/SULI/MCP_Approach/work/run0/psi_frame04.npz
394940 /gpfs/fs1/home/jacob.oh/SULI/MCP_Approach/work/run0/psi_frame05.npz
394940 /gpfs/fs1/home/jacob.oh/SULI/MCP_Approach/work/run0/psi_frame06.npz
394940 /gpfs/fs1/home/jacob.oh/SULI/MCP_Approach/work/run0/psi_frame07.npz
394940 /gpfs/fs1/home/jacob.oh/SULI/MCP_Approach/work/run0/psi_frame08.npz
394940 /gpfs/fs1/home/jacob.oh/SULI/MCP_Approach/work/run0/psi_frame09.npz
394940 /gpfs/fs1/home/jacob.oh/SULI/MCP_Approach/work/run0/psi_frame10.npz
394940 /gpfs/fs1/home/jacob.oh/SULI/MCP_Approach/work/run0/psi_frame11.npz
608124 /gpfs/fs1/home/jacob.oh/SULI/MCP_Approach/work/run0/streamfunction_final.png
