total 24329
drwxr-x---+  4 jacob.oh cels    4096 Jul  9 15:41 .
drwxr-x---+ 45 jacob.oh cels    4096 Jun 25 14:56 ..
-rw-rw----+  1 jacob.oh cels     186 Jun 25 14:56 .state
-rw-r-----+  1 jacob.oh cels    2123 Jun 25 14:56 README.md
-rw-rw----+  1 jacob.oh cels      72 Jun 29 11:01 SESSION.NAME
-rw-r-----+  1 jacob.oh cels    2160 Jun 25 14:56 SIZE
drwxrwx---+  3 jacob.oh cels    4096 Jul  9 15:41 _task_scripts
-rw-rw----+  1 jacob.oh cels   43575 Jun 25 14:56 build.log
-rw-r-----+  1 jacob.oh cels   15701 Jun 25 14:56 eddy_uv.map
-rw-rw----+  1 jacob.oh cels      79 Jul  9 15:41 eddy_uv.nek5000
-rw-r-----+  1 jacob.oh cels  132409 Jun 25 14:56 eddy_uv.rea
-rw-r-----+  1 jacob.oh cels    8007 Jun 25 14:56 eddy_uv.usr
-rw-rw----+  1 jacob.oh cels  328840 Jul  9 15:41 eddy_uv0.f00001
-rw-rw----+  1 jacob.oh cels  328840 Jul  9 15:41 eddy_uv0.f00002
-rw-rw----+  1 jacob.oh cels  328840 Jul  9 15:41 eddy_uv0.f00003
-rw-rw----+  1 jacob.oh cels  328840 Jul  9 15:41 eddy_uv0.f00004
-rw-rw----+  1 jacob.oh cels  328840 Jul  9 15:41 eddy_uv0.f00005
-rw-rw----+  1 jacob.oh cels  328840 Jul  9 15:41 eddy_uv0.f00006
-rw-rw----+  1 jacob.oh cels  328840 Jul  9 15:41 eddy_uv0.f00007
-rw-rw----+  1 jacob.oh cels  328840 Jul  9 15:41 eddy_uv0.f00008
-rw-rw----+  1 jacob.oh cels  328840 Jul  9 15:41 eddy_uv0.f00009
-rw-rw----+  1 jacob.oh cels  328840 Jul  9 15:41 eddy_uv0.f00010
-rw-rw----+  1 jacob.oh cels  328840 Jul  9 15:41 eddy_uv0.f00011
-rw-rw----+  1 jacob.oh cels      82 Jul  9 15:41 erreddy_uv.nek5000
-rw-rw----+  1 jacob.oh cels  328840 Jul  9 15:41 erreddy_uv0.f00001
-rw-rw----+  1 jacob.oh cels   10542 Jun 25 14:56 makefile
-rwxrwx---+  1 jacob.oh cels 1845768 Jun 25 14:56 nek5000
drwxr-x---+  2 jacob.oh cels    4096 Jun 25 14:56 obj
-rw-rw----+  1 jacob.oh cels  918496 Jul  9 15:41 run_eddy.log
-rw-r-----+  1 jacob.oh cels  918901 Jun 25 14:56 runme_mini_8r.o7633574
-rw-r-----+  1 jacob.oh cels  919112 Jun 25 15:00 runme_mini_8r.o7633880
-rw-r-----+  1 jacob.oh cels  919124 Jun 29 10:35 runme_mini_8r.o7635857
-rw-r-----+  1 jacob.oh cels  919132 Jun 29 10:40 runme_mini_8r.o7635860
-rw-r-----+  1 jacob.oh cels  919123 Jun 29 10:46 runme_mini_8r.o7635863
-rw-r-----+  1 jacob.oh cels     985 Jun 29 10:48 runme_mini_8r.o7635864
-rw-r-----+  1 jacob.oh cels     909 Jun 29 10:50 runme_mini_8r.o7635869
-rw-r-----+  1 jacob.oh cels  919124 Jun 29 10:51 runme_mini_8r.o7635872
-rw-r-----+  1 jacob.oh cels  919126 Jun 29 10:53 runme_mini_8r.o7635875
-rw-r-----+  1 jacob.oh cels  919143 Jun 29 11:02 runme_mini_8r.o7635896
-rw-r-----+  1 jacob.oh cels  919128 Jun 29 13:52 runme_mini_8r.o7636056
-rw-r-----+  1 jacob.oh cels  919121 Jun 29 14:14 runme_mini_8r.o7636066
-rw-r-----+  1 jacob.oh cels  919122 Jun 29 14:27 runme_mini_8r.o7636071
-rw-r-----+  1 jacob.oh cels  919119 Jun 29 14:54 runme_mini_8r.o7636092
-rw-r-----+  1 jacob.oh cels  919117 Jun 29 15:12 runme_mini_8r.o7636107
-rw-r-----+  1 jacob.oh cels  919133 Jun 29 15:28 runme_mini_8r.o7636118
-rw-r-----+  1 jacob.oh cels  919121 Jun 29 15:38 runme_mini_8r.o7636125
-rw-r-----+  1 jacob.oh cels  919117 Jun 29 15:52 runme_mini_8r.o7636169
-rw-r-----+  1 jacob.oh cels  919124 Jul  1 09:17 runme_mini_8r.o7639409
-rw-r-----+  1 jacob.oh cels  919115 Jul  1 09:25 runme_mini_8r.o7639432
---EXIT:0---
